Microchip MPLAB XC8 Compiler V2.40

Linker command line:

-W-3 \
  --edf=C:\Program Files\Microchip\xc8\v2.40\pic\dat\20220703182018_en.msgs \
  -cn -h+dist/default/production\WNB.X.production.sym \
  --cmf=dist/default/production\WNB.X.production.cmf -z -Q16F877A \
  -oC:\Users\gurram_a\AppData\Local\Temp\xcAsfok.4 --defsym=__MPLAB_BUILD=1 \
  --fixupoverflow=error -Mdist/default/production/WNB.X.production.map \
  --md=C:\Users\gurram_a\AppData\Local\Temp\xcAsfok.dat -E1 \
  -ver=XC8 Compiler --acfsm=1493 -ACODE=00h-07FFhx4 -ASTRCODE=00h-01FFFh \
  -ASTRING=00h-0FFhx32 -ACONST=00h-0FFhx32 -AENTRY=00h-0FFhx32 \
  -ACOMMON=070h-07Fh -ABANK0=020h-06Fh -ABANK1=0A0h-0EFh \
  -ABANK2=0110h-016Fh -ABANK3=0190h-01EFh \
  -ARAM=020h-06Fh,0A0h-0EFh,0110h-016Fh,0190h-01EFh \
  -AABS1=020h-07Fh,0A0h-0EFh,0110h-016Fh,0190h-01EFh -ASFR0=00h-01Fh \
  -ASFR1=080h-09Fh -ASFR2=0100h-010Fh -ASFR3=0180h-018Fh \
  -ACONFIG=02007h-02007h -DCONFIG=2 -AIDLOC=02000h-02003h -DIDLOC=2 \
  -AEEDATA=00h-0FFh/02100h -peeprom_data=EEDATA -DEEDATA=2 -DCODE=2 \
  -DSTRCODE=2 -DSTRING=2 -DCONST=2 -DENTRY=2 \
  -preset_vec=00h,intentry,init,end_init -ppowerup=CODE -pcinit=CODE \
  -pfunctab=ENTRY -k C:\Users\gurram_a\AppData\Local\Temp\xcAsfok.o \
  dist/default/production\WNB.X.production.o 

Object code version is 3.11

Machine type is 16F877A



                Name                               Link     Load   Length Selector   Space Scale
C:\Users\gurram_a\AppData\Local\Temp\xcAsfok.o
                end_init                              0        0        3        0       0
                config                             2007     2007        1        0       4
                idloc                              2000     2000        4        0       5
dist/default/production\WNB.X.production.o
                cinit                               7D4      7D4       2C      FA8       0
                config                             2007     2007        1        0       4
                idloc                              2000     2000        4        0       5
                text18                              2C6      2C6        A      58C       0
                text17                              362      362       1F      6C4       0
                text16                              4FF      4FF       5A      9FE       0
                text15                              2FE      2FE       18      5FC       0
                text14                              381      381       22      702       0
                text13                              348      348       1A      690       0
                text12                              453      453       55      8A6       0
                text11                              2D0      2D0        D      5A0       0
                text10                              559      559       5B      AB2       0
                text9                               3C7      3C7       46      78E       0
                text8                               40D      40D       46      81A       0
                text7                               3A3      3A3       24      746       0
                text6                               4A8      4A8       57      950       0
                text5                               2DD      2DD        E      5BA       0
                text4                               6E7      6E7       ED      DCE       0
                text3                               5B4      5B4       79      B68       0
                text2                               316      316       19      62C       0
                text1                               32F      32F       19      65E       0
                maintext                            62D      62D       BA      C5A       0
                cstackBANK0                          44       44       13       20       1
                cstackCOMMON                         70       70        E       70       1
                clrtext                             2BE      2BE        8      57C       0
                inittext                            2EB      2EB       13      5D6       0
                bssBANK3                            190      190       3C      190       1
                bssBANK1                             A0       A0       28       A0       1
                dataBANK0                            57       57        7       20       1
                bssBANK0                             20       20       24       20       1
                strings                               3        3       E7        6       0
                idataBANK0                          2B7      2B7        7      56E       0

TOTAL           Name                               Link     Load   Length     Space
        CLASS   CODE           
                end_init                              0        0        3         0
                cinit                               7D4      7D4       2C         0
                text18                              2C6      2C6        A         0
                text17                              362      362       1F         0
                text16                              4FF      4FF       5A         0
                text15                              2FE      2FE       18         0
                text14                              381      381       22         0
                text13                              348      348       1A         0
                text12                              453      453       55         0
                text11                              2D0      2D0        D         0
                text10                              559      559       5B         0
                text9                               3C7      3C7       46         0
                text8                               40D      40D       46         0
                text7                               3A3      3A3       24         0
                text6                               4A8      4A8       57         0
                text5                               2DD      2DD        E         0
                text4                               6E7      6E7       ED         0
                text3                               5B4      5B4       79         0
                text2                               316      316       19         0
                text1                               32F      32F       19         0
                maintext                            62D      62D       BA         0
                clrtext                             2BE      2BE        8         0
                inittext                            2EB      2EB       13         0
                idataBANK0                          2B7      2B7        7         0

        CLASS   STRCODE        

        CLASS   STRING         
                strings                               3        3       E7         0

        CLASS   CONST          

        CLASS   ENTRY          

        CLASS   COMMON         
                cstackCOMMON                         70       70        E         1

        CLASS   BANK0          
                cstackBANK0                          44       44       13         1
                dataBANK0                            57       57        7         1
                bssBANK0                             20       20       24         1

        CLASS   BANK1          
                bssBANK1                             A0       A0       28         1

        CLASS   BANK2          

        CLASS   BANK3          
                bssBANK3                            190      190       3C         1

        CLASS   RAM            

        CLASS   ABS1           
                abs_s1                               7E       7E        2         1

        CLASS   SFR0           

        CLASS   SFR1           

        CLASS   SFR2           

        CLASS   SFR3           

        CLASS   CONFIG         
                config                             2007     2007        1         4

        CLASS   IDLOC          
                idloc                              2000     2000        4         5

        CLASS   EEDATA         

        CLASS   STACK          



SEGMENTS        Name                           Load    Length   Top    Selector   Space  Class     Delta

                reset_vec                      000000  000003  000003         0       0  CODE        2
                strings                        000003  0000E7  0000EA         6       0  STRING      2
                bssBANK0                       000020  00003E  00005E        20       1  BANK0       1
                cstackCOMMON                   000070  00000E  00007E        70       1  COMMON      1
                bssBANK1                       0000A0  000028  0000C8        A0       1  BANK1       1
                bssBANK3                       000190  00003C  0001CC       190       1  BANK3       1
                idataBANK0                     0002B7  000007  0002BE       56E       0  CODE        2
                clrtext                        0002BE  000008  0002C6       57C       0  CODE        2
                text18                         0002C6  00000A  0002D0       58C       0  CODE        2
                text11                         0002D0  00000D  0002DD       5A0       0  CODE        2
                text5                          0002DD  00000E  0002EB       5BA       0  CODE        2
                inittext                       0002EB  000013  0002FE       5D6       0  CODE        2
                text15                         0002FE  000018  000316       5FC       0  CODE        2
                text2                          000316  000019  00032F       62C       0  CODE        2
                text1                          00032F  000019  000348       65E       0  CODE        2
                text13                         000348  00001A  000362       690       0  CODE        2
                text17                         000362  00001F  000381       6C4       0  CODE        2
                text14                         000381  000022  0003A3       702       0  CODE        2
                text7                          0003A3  000024  0003C7       746       0  CODE        2
                text9                          0003C7  000046  00040D       78E       0  CODE        2
                text8                          00040D  000046  000453       81A       0  CODE        2
                text12                         000453  000055  0004A8       8A6       0  CODE        2
                text6                          0004A8  000057  0004FF       950       0  CODE        2
                text16                         0004FF  00005A  000559       9FE       0  CODE        2
                text10                         000559  00005B  0005B4       AB2       0  CODE        2
                text3                          0005B4  000079  00062D       B68       0  CODE        2
                maintext                       00062D  0000BA  0006E7       C5A       0  CODE        2
                text4                          0006E7  0000ED  0007D4       DCE       0  CODE        2
                cinit                          0007D4  00002C  000800       FA8       0  CODE        2


UNUSED ADDRESS RANGES

        Name                Unused          Largest block    Delta
        BANK0            005E-006F             12           1
        BANK1            00C8-00EF             28           1
        BANK2            0110-016F             60           1
        BANK3            01CC-01EF             24           1
        CODE             00EA-02B6            1CD           2
                         0800-1FFF            800
        CONST            00EA-02B6            100           2
                         0800-1FFF            100
        EEDATA           2100-21FF            100           2
        ENTRY            00EA-02B6            100           2
                         0800-1FFF            100
        RAM              005E-006F             12           1
                         00C8-00EF             28
                         0110-016F             60
                         01CC-01EF             24
        SFR0             0000-001F             20           1
        SFR1             0080-009F             20           1
        SFR2             0100-010F             10           1
        SFR3             0180-018F             10           1
        STRCODE          00EA-02B6            1CD           2
                         0800-1FFF           1800
        STRING           00EA-02B6            100           2
                         0800-1FFF            100

                                  Symbol Table

?_SIM900_isReady                        cstackCOMMON 0073
?_SIM900_isStarted                      cstackCOMMON 0073
Lcd_Cmd@a                               cstackCOMMON 0073
Lcd_Print_Char@Lower_Nibble             cstackCOMMON 0072
Lcd_Print_Char@Upper_Nibble             cstackCOMMON 0073
Lcd_Print_Char@data                     cstackCOMMON 0074
Lcd_Print_Char@i                        cstackCOMMON 0075
Lcd_Print_Char@i_109                    cstackCOMMON 0077
Lcd_Print_String@a                      cstackCOMMON 0079
Lcd_Print_String@i                      cstackBANK0  0044
Lcd_SetBit@data_bit                     cstackCOMMON 0070
Lcd_Set_Cursor@a                        cstackCOMMON 0076
Lcd_Set_Cursor@b                        cstackCOMMON 0074
Lcd_Set_Cursor@temp                     cstackCOMMON 0079
Lcd_Set_Cursor@y                        cstackCOMMON 0078
Lcd_Set_Cursor@z                        cstackCOMMON 0077
_BRGH                                   (abs)        04C2
_CREN                                   (abs)        00C4
_ClearBuffers                           text6        04A8
_Config                                 text16       04FF
_IncData                                bssBANK0     0034
_Initialize_SIM900                      text15       02FE
_Lcd_Clear                              text11       02D0
_Lcd_Cmd                                text13       0348
_Lcd_Print_Char                         text10       0559
_Lcd_Print_String                       text9        03C7
_Lcd_SetBit                             text14       0381
_Lcd_Set_Cursor                         text8        040D
_Lcd_Start                              text12       0453
_MsgLength                              bssBANK0     0028
_MsgMob                                 bssBANK0     0035
_MsgTxt                                 bssBANK1     00A0
_OERR                                   (abs)        00C1
_RCIF                                   (abs)        0065
_RCREG                                  (abs)        001A
_RD2                                    (abs)        0042
_RD3                                    (abs)        0043
_RD4                                    (abs)        0044
_RD5                                    (abs)        0045
_RD6                                    (abs)        0046
_RD7                                    (abs)        0047
_RX9                                    (abs)        00C6
_RcvdCheck                              bssBANK0     0030
_RcvdConf                               bssBANK0     002E
_RcvdEnd                                bssBANK0     002A
_RcvdMsg                                bssBANK3     0190
_RecSMS                                 text4        06E7
_SIM900_isReady                         text2        0316
_SIM900_isStarted                       text1        032F
_SPBRG                                  (abs)        0099
_SPEN                                   (abs)        00C7
_SYNC                                   (abs)        04C4
_TRISC6                                 (abs)        043E
_TRISC7                                 (abs)        043F
_TRISD                                  (abs)        0088
_TX9                                    (abs)        04C6
_TXEN                                   (abs)        04C5
_TXIF                                   (abs)        0064
_TXREG                                  (abs)        0019
__Habs1                                 abs1         0000
__Hbank0                                bank0        0000
__Hbank1                                bank1        0000
__Hbank2                                bank2        0000
__Hbank3                                bank3        0000
__HbssBANK0                             bssBANK0     0000
__HbssBANK1                             bssBANK1     0000
__HbssBANK3                             bssBANK3     0000
__Hcinit                                cinit        0800
__Hclrtext                              clrtext      0000
__Hcode                                 code         0000
__Hcommon                               common       0000
__Hconfig                               config       2008
__HcstackBANK0                          cstackBANK0  0000
__HcstackCOMMON                         cstackCOMMON 0000
__HdataBANK0                            dataBANK0    0000
__Heeprom_data                          eeprom_data  0000
__Hend_init                             end_init     0003
__Hfunctab                              functab      0000
__HidataBANK0                           idataBANK0   0000
__Hidloc                                idloc        2004
__Hinit                                 init         0000
__Hinittext                             inittext     0000
__Hintentry                             intentry     0000
__Hmaintext                             maintext     0000
__Hpowerup                              powerup      0000
__Hram                                  ram          0000
__Hreset_vec                            reset_vec    0000
__Hsfr0                                 sfr0         0000
__Hsfr1                                 sfr1         0000
__Hsfr2                                 sfr2         0000
__Hsfr3                                 sfr3         0000
__Hspace_0                              (abs)        0800
__Hspace_1                              (abs)        01CC
__Hspace_2                              (abs)        0000
__Hspace_3                              (abs)        0000
__Hspace_4                              (abs)        400F
__Hstack                                stack        0000
__Hstrings                              strings      0000
__Htext                                 text         0000
__Labs1                                 abs1         0000
__Lbank0                                bank0        0000
__Lbank1                                bank1        0000
__Lbank2                                bank2        0000
__Lbank3                                bank3        0000
__LbssBANK0                             bssBANK0     0000
__LbssBANK1                             bssBANK1     0000
__LbssBANK3                             bssBANK3     0000
__Lcinit                                cinit        07D4
__Lclrtext                              clrtext      0000
__Lcode                                 code         0000
__Lcommon                               common       0000
__Lconfig                               config       0000
__LcstackBANK0                          cstackBANK0  0000
__LcstackCOMMON                         cstackCOMMON 0000
__LdataBANK0                            dataBANK0    0000
__Leeprom_data                          eeprom_data  0000
__Lend_init                             end_init     0000
__Lfunctab                              functab      0000
__LidataBANK0                           idataBANK0   0000
__Lidloc                                idloc        0000
__Linit                                 init         0000
__Linittext                             inittext     0000
__Lintentry                             intentry     0000
__Lmaintext                             maintext     0000
__Lpowerup                              powerup      0000
__Lram                                  ram          0000
__Lreset_vec                            reset_vec    0000
__Lsfr0                                 sfr0         0000
__Lsfr1                                 sfr1         0000
__Lsfr2                                 sfr2         0000
__Lsfr3                                 sfr3         0000
__Lspace_0                              (abs)        0000
__Lspace_1                              (abs)        0000
__Lspace_2                              (abs)        0000
__Lspace_3                              (abs)        0000
__Lspace_4                              (abs)        0000
__Lstack                                stack        0000
__Lstrings                              strings      0000
__Ltext                                 text         0000
__S0                                    (abs)        0800
__S1                                    (abs)        01CC
__S3                                    (abs)        0000
__SIM900_getch                          text5        02DD
__SIM900_print                          text17       0362
__SIM900_print@ptr                      cstackCOMMON 0072
__SIM900_putch                          text18       02C6
__SIM900_putch@bt                       cstackCOMMON 0070
__SIM900_waitResponse                   text3        05B4
__SIM900_waitResponse@F1194             dataBANK0    0057
__SIM900_waitResponse@continue_loop     cstackBANK0  0052
__SIM900_waitResponse@i                 cstackBANK0  0053
__SIM900_waitResponse@lengths           strings      0019
__SIM900_waitResponse@received          cstackBANK0  0050
__SIM900_waitResponse@response          cstackBANK0  0051
__SIM900_waitResponse@responses         strings      0013
__SIM900_waitResponse@so_far            cstackBANK0  004A
__SIM900_waitResponse@strings           cstackBANK0  0044
___int_sp                               stack        0000
___latbits                              (abs)        0002
___sp                                   stack        0000
___stackhi                              (abs)        0000
___stacklo                              (abs)        0000
__end_of_ClearBuffers                   text6        04FF
__end_of_Config                         text16       0559
__end_of_Initialize_SIM900              text15       0316
__end_of_Lcd_Clear                      text11       02DD
__end_of_Lcd_Cmd                        text13       0362
__end_of_Lcd_Print_Char                 text10       05B4
__end_of_Lcd_Print_String               text9        040D
__end_of_Lcd_SetBit                     text14       03A3
__end_of_Lcd_Set_Cursor                 text8        0453
__end_of_Lcd_Start                      text12       04A8
__end_of_RecSMS                         text4        07D4
__end_of_SIM900_isReady                 text2        032F
__end_of_SIM900_isStarted               text1        0348
__end_of__SIM900_getch                  text5        02EB
__end_of__SIM900_print                  text17       0381
__end_of__SIM900_putch                  text18       02D0
__end_of__SIM900_waitResponse           text3        062D
__end_of__SIM900_waitResponse@lengths   strings      001F
__end_of__SIM900_waitResponse@responses strings      0019
__end_of__initialization                cinit        07FC
__end_of__stringtab                     strings      0013
__end_of_main                           maintext     06E7
__end_of_strcpy                         text7        03C7
__initialization                        cinit        07D4
__pbssBANK0                             bssBANK0     0020
__pbssBANK1                             bssBANK1     00A0
__pbssBANK3                             bssBANK3     0190
__pcstackBANK0                          cstackBANK0  0044
__pcstackCOMMON                         cstackCOMMON 0070
__pdataBANK0                            dataBANK0    0057
__pidataBANK0                           idataBANK0   02B7
__pmaintext                             maintext     062D
__pstrings                              strings      0003
__ptext1                                text1        032F
__ptext10                               text10       0559
__ptext11                               text11       02D0
__ptext12                               text12       0453
__ptext13                               text13       0348
__ptext14                               text14       0381
__ptext15                               text15       02FE
__ptext16                               text16       04FF
__ptext17                               text17       0362
__ptext18                               text18       02C6
__ptext2                                text2        0316
__ptext3                                text3        05B4
__ptext4                                text4        06E7
__ptext5                                text5        02DD
__ptext6                                text6        04A8
__ptext7                                text7        03A3
__ptext8                                text8        040D
__ptext9                                text9        03C7
__stringbase                            strings      0012
__stringtab                             strings      0003
_index                                  bssBANK0     002C
_main                                   maintext     062D
_strcpy                                 text7        03A3
_x                                      bssBANK0     0032
btemp                                   (abs)        007E
clear_ram0                              clrtext      02BE
end_of_initialization                   cinit        07FC
init_fetch0                             inittext     02EB
init_ram0                               inittext     02EF
intlevel0                               functab      0000
intlevel1                               functab      0000
intlevel2                               functab      0000
intlevel3                               functab      0000
intlevel4                               functab      0000
intlevel5                               functab      0000
reset_vec                               reset_vec    0000
start                                   init         0000
start_initialization                    cinit        07D4
strcpy@cp                               cstackCOMMON 0074
strcpy@from                             cstackCOMMON 0072
strcpy@to                               cstackCOMMON 0070
wtemp0                                  (abs)        007E


MODULE INFORMATION

Module		Function		Class		Link	Load	Size
C:\Program Files\Microchip\xc8\v2.40\pic\sources\c90\common\strcpy.c
		_strcpy        		CODE           	03A3	0000	36

C:\Program Files\Microchip\xc8\v2.40\pic\sources\c90\common\strcpy.c estimated size: 36

shared
		__SIM900_waitResponse@lengths		STRING         	0019	0000	6
		__stringtab    		STRING         	0003	0000	16
		__SIM900_waitResponse@responses		STRING         	0013	0000	6
		__initialization		CODE           	07D4	0000	40

shared estimated size: 68

WNB.c
		__SIM900_getch 		CODE           	02DD	0000	14
		__SIM900_putch 		CODE           	02C6	0000	10
		__SIM900_print 		CODE           	0362	0000	31
		_SIM900_isReady		CODE           	0316	0000	25
		_Config        		CODE           	04FF	0000	90
		_main          		CODE           	062D	0000	186
		_Lcd_Cmd       		CODE           	0348	0000	26
		_RecSMS        		CODE           	06E7	0000	237
		_Lcd_SetBit    		CODE           	0381	0000	34
		__SIM900_waitResponse		CODE           	05B4	0000	121
		_Lcd_Start     		CODE           	0453	0000	85
		_Initialize_SIM900		CODE           	02FE	0000	24
		_Lcd_Set_Cursor		CODE           	040D	0000	70
		_Lcd_Clear     		CODE           	02D0	0000	13
		_ClearBuffers  		CODE           	04A8	0000	87
		_Lcd_Print_String		CODE           	03C7	0000	70
		_SIM900_isStarted		CODE           	032F	0000	25
		_Lcd_Print_Char		CODE           	0559	0000	91

WNB.c estimated size: 1239

